[0810/113150.441:ERROR:zip_reader.cc(132)] Cannot open ZIP from file handle 00000000000000F4
[0810/113150.448:ERROR:zip.cc(202)] Cannot open ZIP from file handle 00000000000000F4
[0810/113921.239:ERROR:zip_reader.cc(132)] Cannot open ZIP from file handle 00000000000000E4
[0810/113921.239:ERROR:zip.cc(202)] Cannot open ZIP from file handle 00000000000000E4
[0810/123217.164:ERROR:zip_reader.cc(132)] Cannot open ZIP from file handle 00000000000000F4
[0810/123217.165:ERROR:zip.cc(202)] Cannot open ZIP from file handle 00000000000000F4
[0810/140442.220:ERROR:zip_reader.cc(132)] Cannot open ZIP from file handle 00000000000000F4
[0810/140442.220:ERROR:zip.cc(202)] Cannot open ZIP from file handle 00000000000000F4
[0810/140538.563:ERROR:zip_reader.cc(132)] Cannot open ZIP from file handle 00000000000000EC
[0810/140538.563:ERROR:zip.cc(202)] Cannot open ZIP from file handle 00000000000000EC
[0810/165802.570:ERROR:zip_reader.cc(132)] Cannot open ZIP from file handle 00000000000000F8
[0810/165802.571:ERROR:zip.cc(202)] Cannot open ZIP from file handle 00000000000000F8
[0810/165820.866:ERROR:zip_reader.cc(132)] Cannot open ZIP from file handle 00000000000000F8
[0810/165820.866:ERROR:zip.cc(202)] Cannot open ZIP from file handle 00000000000000F8
[0810/170009.285:ERROR:zip_reader.cc(132)] Cannot open ZIP from file handle 00000000000000F4
[0810/170009.285:ERROR:zip.cc(202)] Cannot open ZIP from file handle 00000000000000F4
[0810/173427.677:ERROR:zip_reader.cc(132)] Cannot open ZIP from file handle 00000000000000F4
[0810/173427.678:ERROR:zip.cc(202)] Cannot open ZIP from file handle 00000000000000F4
[0810/173700.884:ERROR:zip_reader.cc(132)] Cannot open ZIP from file handle 00000000000000F4
[0810/173700.884:ERROR:zip.cc(202)] Cannot open ZIP from file handle 00000000000000F4
[0810/174448.827:ERROR:zip_reader.cc(132)] Cannot open ZIP from file handle 00000000000000F8
[0810/174448.827:ERROR:zip.cc(202)] Cannot open ZIP from file handle 00000000000000F8
[0810/174449.140:ERROR:registration_protocol_win.cc(107)] CreateFile: 系统找不到指定的文件。 (0x2)
[0810/174456.346:ERROR:zip_reader.cc(132)] Cannot open ZIP from file handle 00000000000000F8
[0810/174456.346:ERROR:zip.cc(202)] Cannot open ZIP from file handle 00000000000000F8
[0810/174456.653:ERROR:registration_protocol_win.cc(107)] CreateFile: 系统找不到指定的文件。 (0x2)
[0811/095444.790:ERROR:zip_reader.cc(132)] Cannot open ZIP from file handle 00000000000000F8
[0811/095444.827:ERROR:zip.cc(202)] Cannot open ZIP from file handle 00000000000000F8
[0811/161555.049:ERROR:zip_reader.cc(132)] Cannot open ZIP from file handle 00000000000000E4
[0811/161555.049:ERROR:zip.cc(202)] Cannot open ZIP from file handle 00000000000000E4
[0811/164818.967:ERROR:zip_reader.cc(132)] Cannot open ZIP from file handle 0000000000000210
[0811/164818.967:ERROR:zip.cc(202)] Cannot open ZIP from file handle 0000000000000210
[0811/172457.519:ERROR:zip_reader.cc(132)] Cannot open ZIP from file handle 0000000000000210
[0811/172457.520:ERROR:zip.cc(202)] Cannot open ZIP from file handle 0000000000000210
[0811/173034.417:ERROR:zip_reader.cc(132)] Cannot open ZIP from file handle 0000000000000210
[0811/173034.417:ERROR:zip.cc(202)] Cannot open ZIP from file handle 0000000000000210
[0811/173034.571:ERROR:registration_protocol_win.cc(107)] CreateFile: 系统找不到指定的文件。 (0x2)
[0811/173040.939:ERROR:zip_reader.cc(132)] Cannot open ZIP from file handle 0000000000000214
[0811/173040.939:ERROR:zip.cc(202)] Cannot open ZIP from file handle 0000000000000214
[0811/173041.088:ERROR:registration_protocol_win.cc(107)] CreateFile: 系统找不到指定的文件。 (0x2)
[0811/173117.263:ERROR:zip_reader.cc(132)] Cannot open ZIP from file handle 0000000000000210
[0811/173117.263:ERROR:zip.cc(202)] Cannot open ZIP from file handle 0000000000000210
[0811/173117.412:ERROR:registration_protocol_win.cc(107)] CreateFile: 系统找不到指定的文件。 (0x2)
[0811/173121.779:ERROR:zip_reader.cc(132)] Cannot open ZIP from file handle 0000000000000210
[0811/173121.779:ERROR:zip.cc(202)] Cannot open ZIP from file handle 0000000000000210
[0812/093755.695:ERROR:zip_reader.cc(132)] Cannot open ZIP from file handle 0000000000000210
[0812/093755.696:ERROR:zip.cc(202)] Cannot open ZIP from file handle 0000000000000210
[0812/105614.048:ERROR:zip_reader.cc(132)] Cannot open ZIP from file handle 0000000000000210
[0812/105614.048:ERROR:zip.cc(202)] Cannot open ZIP from file handle 0000000000000210
[0812/105614.200:ERROR:registration_protocol_win.cc(107)] CreateFile: 系统找不到指定的文件。 (0x2)
[0812/105619.810:ERROR:zip_reader.cc(132)] Cannot open ZIP from file handle 0000000000000210
[0812/105619.810:ERROR:zip.cc(202)] Cannot open ZIP from file handle 0000000000000210
[0812/111530.101:ERROR:zip_reader.cc(132)] Cannot open ZIP from file handle 0000000000000214
[0812/111530.101:ERROR:zip.cc(202)] Cannot open ZIP from file handle 0000000000000214
[0812/111540.089:ERROR:zip_reader.cc(132)] Cannot open ZIP from file handle 0000000000000210
[0812/111540.089:ERROR:zip.cc(202)] Cannot open ZIP from file handle 0000000000000210
[0812/111623.860:ERROR:zip_reader.cc(132)] Cannot open ZIP from file handle 0000000000000210
[0812/111623.863:ERROR:zip.cc(202)] Cannot open ZIP from file handle 0000000000000210
[0812/112122.385:ERROR:zip_reader.cc(132)] Cannot open ZIP from file handle 0000000000000210
[0812/112122.387:ERROR:zip.cc(202)] Cannot open ZIP from file handle 0000000000000210
[0812/113435.162:ERROR:zip_reader.cc(132)] Cannot open ZIP from file handle 0000000000000210
[0812/113435.162:ERROR:zip.cc(202)] Cannot open ZIP from file handle 0000000000000210
[0812/113722.433:ERROR:zip_reader.cc(132)] Cannot open ZIP from file handle 0000000000000210
[0812/113722.433:ERROR:zip.cc(202)] Cannot open ZIP from file handle 0000000000000210
[0812/115505.220:ERROR:zip_reader.cc(132)] Cannot open ZIP from file handle 0000000000000210
[0812/115505.220:ERROR:zip.cc(202)] Cannot open ZIP from file handle 0000000000000210
[0812/142023.664:ERROR:zip_reader.cc(132)] Cannot open ZIP from file handle 0000000000000210
[0812/142023.664:ERROR:zip.cc(202)] Cannot open ZIP from file handle 0000000000000210
[0812/142718.132:ERROR:zip_reader.cc(132)] Cannot open ZIP from file handle 0000000000000210
[0812/142718.132:ERROR:zip.cc(202)] Cannot open ZIP from file handle 0000000000000210
[0812/144026.322:ERROR:zip_reader.cc(132)] Cannot open ZIP from file handle 0000000000000210
[0812/144026.322:ERROR:zip.cc(202)] Cannot open ZIP from file handle 0000000000000210
[0812/144815.206:ERROR:zip_reader.cc(132)] Cannot open ZIP from file handle 0000000000000210
[0812/144815.206:ERROR:zip.cc(202)] Cannot open ZIP from file handle 0000000000000210
[0812/145620.923:ERROR:zip_reader.cc(132)] Cannot open ZIP from file handle 0000000000000210
[0812/145620.923:ERROR:zip.cc(202)] Cannot open ZIP from file handle 0000000000000210
[0812/150318.369:ERROR:zip_reader.cc(132)] Cannot open ZIP from file handle 0000000000000210
[0812/150318.369:ERROR:zip.cc(202)] Cannot open ZIP from file handle 0000000000000210
[0812/150531.494:ERROR:zip_reader.cc(132)] Cannot open ZIP from file handle 0000000000000210
[0812/150531.494:ERROR:zip.cc(202)] Cannot open ZIP from file handle 0000000000000210
[0812/151210.338:ERROR:zip_reader.cc(132)] Cannot open ZIP from file handle 0000000000000210
[0812/151210.339:ERROR:zip.cc(202)] Cannot open ZIP from file handle 0000000000000210
[0812/153223.124:ERROR:zip_reader.cc(132)] Cannot open ZIP from file handle 0000000000000210
[0812/153223.124:ERROR:zip.cc(202)] Cannot open ZIP from file handle 0000000000000210
[0812/154148.212:ERROR:zip_reader.cc(132)] Cannot open ZIP from file handle 0000000000000210
[0812/154148.213:ERROR:zip.cc(202)] Cannot open ZIP from file handle 0000000000000210
[0812/154750.221:ERROR:zip_reader.cc(132)] Cannot open ZIP from file handle 0000000000000210
[0812/154750.221:ERROR:zip.cc(202)] Cannot open ZIP from file handle 0000000000000210
[0812/154850.767:ERROR:zip_reader.cc(132)] Cannot open ZIP from file handle 0000000000000210
[0812/154850.767:ERROR:zip.cc(202)] Cannot open ZIP from file handle 0000000000000210
[0812/155018.900:ERROR:zip_reader.cc(132)] Cannot open ZIP from file handle 0000000000000210
[0812/155018.900:ERROR:zip.cc(202)] Cannot open ZIP from file handle 0000000000000210
[0812/155405.565:ERROR:zip_reader.cc(132)] Cannot open ZIP from file handle 0000000000000214
[0812/155405.566:ERROR:zip.cc(202)] Cannot open ZIP from file handle 0000000000000214
[0812/155510.504:ERROR:zip_reader.cc(132)] Cannot open ZIP from file handle 0000000000000210
[0812/155510.504:ERROR:zip.cc(202)] Cannot open ZIP from file handle 0000000000000210
[0812/155626.763:ERROR:zip_reader.cc(132)] Cannot open ZIP from file handle 0000000000000210
[0812/155626.763:ERROR:zip.cc(202)] Cannot open ZIP from file handle 0000000000000210
[0812/160035.646:ERROR:zip_reader.cc(132)] Cannot open ZIP from file handle 0000000000000210
[0812/160035.646:ERROR:zip.cc(202)] Cannot open ZIP from file handle 0000000000000210
[0812/160130.301:ERROR:zip_reader.cc(132)] Cannot open ZIP from file handle 0000000000000210
[0812/160130.301:ERROR:zip.cc(202)] Cannot open ZIP from file handle 0000000000000210
[0812/161604.275:ERROR:zip_reader.cc(132)] Cannot open ZIP from file handle 0000000000000210
[0812/161604.275:ERROR:zip.cc(202)] Cannot open ZIP from file handle 0000000000000210
[0812/161751.070:ERROR:zip_reader.cc(132)] Cannot open ZIP from file handle 00000000000000D8
[0812/161751.071:ERROR:zip.cc(202)] Cannot open ZIP from file handle 00000000000000D8
[0812/163854.297:ERROR:zip_reader.cc(132)] Cannot open ZIP from file handle 0000000000000210
[0812/163854.297:ERROR:zip.cc(202)] Cannot open ZIP from file handle 0000000000000210
[0812/164033.915:ERROR:zip_reader.cc(132)] Cannot open ZIP from file handle 0000000000000210
[0812/164033.915:ERROR:zip.cc(202)] Cannot open ZIP from file handle 0000000000000210
[0812/171655.417:ERROR:zip_reader.cc(132)] Cannot open ZIP from file handle 0000000000000210
[0812/171655.417:ERROR:zip.cc(202)] Cannot open ZIP from file handle 0000000000000210
[0812/172314.727:ERROR:zip_reader.cc(132)] Cannot open ZIP from file handle 0000000000000210
[0812/172314.728:ERROR:zip.cc(202)] Cannot open ZIP from file handle 0000000000000210
[0812/172314.857:ERROR:registration_protocol_win.cc(107)] CreateFile: 系统找不到指定的文件。 (0x2)
[0812/172321.371:ERROR:zip_reader.cc(132)] Cannot open ZIP from file handle 0000000000000210
[0812/172321.371:ERROR:zip.cc(202)] Cannot open ZIP from file handle 0000000000000210
[0812/173932.296:ERROR:zip_reader.cc(132)] Cannot open ZIP from file handle 0000000000000210
[0812/173932.296:ERROR:zip.cc(202)] Cannot open ZIP from file handle 0000000000000210
[0812/174346.005:ERROR:zip_reader.cc(132)] Cannot open ZIP from file handle 000000000000021C
[0812/174346.005:ERROR:zip.cc(202)] Cannot open ZIP from file handle 000000000000021C
[0812/174543.397:ERROR:zip_reader.cc(132)] Cannot open ZIP from file handle 0000000000000210
[0812/174543.397:ERROR:zip.cc(202)] Cannot open ZIP from file handle 0000000000000210
[0812/174914.140:ERROR:zip_reader.cc(132)] Cannot open ZIP from file handle 0000000000000210
[0812/174914.140:ERROR:zip.cc(202)] Cannot open ZIP from file handle 0000000000000210
[0812/180214.411:ERROR:zip_reader.cc(132)] Cannot open ZIP from file handle 0000000000000210
[0812/180214.411:ERROR:zip.cc(202)] Cannot open ZIP from file handle 0000000000000210
[0812/180214.540:ERROR:registration_protocol_win.cc(107)] CreateFile: 系统找不到指定的文件。 (0x2)
[0812/180219.842:ERROR:zip_reader.cc(132)] Cannot open ZIP from file handle 0000000000000210
[0812/180219.843:ERROR:zip.cc(202)] Cannot open ZIP from file handle 0000000000000210
[0813/084130.765:ERROR:zip_reader.cc(132)] Cannot open ZIP from file handle 000000000000019C
[0813/084130.766:ERROR:zip.cc(202)] Cannot open ZIP from file handle 000000000000019C
[0813/085938.187:ERROR:zip_reader.cc(132)] Cannot open ZIP from file handle 0000000000000210
[0813/085938.187:ERROR:zip.cc(202)] Cannot open ZIP from file handle 0000000000000210
[0813/091156.182:ERROR:zip_reader.cc(132)] Cannot open ZIP from file handle 0000000000000210
[0813/091156.182:ERROR:zip.cc(202)] Cannot open ZIP from file handle 0000000000000210
[0813/092522.934:ERROR:zip_reader.cc(132)] Cannot open ZIP from file handle 0000000000000210
[0813/092522.934:ERROR:zip.cc(202)] Cannot open ZIP from file handle 0000000000000210
[0813/110729.409:ERROR:zip_reader.cc(132)] Cannot open ZIP from file handle 0000000000000210
[0813/110729.409:ERROR:zip.cc(202)] Cannot open ZIP from file handle 0000000000000210
[0817/144926.193:ERROR:zip_reader.cc(132)] Cannot open ZIP from file handle 0000000000000210
[0817/144926.194:ERROR:zip.cc(202)] Cannot open ZIP from file handle 0000000000000210
[0817/145256.994:ERROR:zip_reader.cc(132)] Cannot open ZIP from file handle 0000000000000204
[0817/145256.994:ERROR:zip.cc(202)] Cannot open ZIP from file handle 0000000000000204
[0817/150052.340:ERROR:zip_reader.cc(132)] Cannot open ZIP from file handle 0000000000000210
[0817/150052.340:ERROR:zip.cc(202)] Cannot open ZIP from file handle 0000000000000210
[0817/151052.383:ERROR:zip_reader.cc(132)] Cannot open ZIP from file handle 0000000000000210
[0817/151052.383:ERROR:zip.cc(202)] Cannot open ZIP from file handle 0000000000000210
[0817/151432.860:ERROR:zip_reader.cc(132)] Cannot open ZIP from file handle 0000000000000214
[0817/151432.860:ERROR:zip.cc(202)] Cannot open ZIP from file handle 0000000000000214
[0817/152018.614:ERROR:zip_reader.cc(132)] Cannot open ZIP from file handle 00000000000000F0
[0817/152018.615:ERROR:zip.cc(202)] Cannot open ZIP from file handle 00000000000000F0
[0818/083729.478:ERROR:zip_reader.cc(132)] Cannot open ZIP from file handle 0000000000000210
[0818/083729.478:ERROR:zip.cc(202)] Cannot open ZIP from file handle 0000000000000210
[0818/090906.377:ERROR:zip_reader.cc(132)] Cannot open ZIP from file handle 0000000000000210
[0818/090906.378:ERROR:zip.cc(202)] Cannot open ZIP from file handle 0000000000000210
[0818/090923.169:ERROR:zip_reader.cc(132)] Cannot open ZIP from file handle 0000000000000210
[0818/090923.169:ERROR:zip.cc(202)] Cannot open ZIP from file handle 0000000000000210
[0818/152838.988:ERROR:zip_reader.cc(132)] Cannot open ZIP from file handle 0000000000000210
[0818/152838.988:ERROR:zip.cc(202)] Cannot open ZIP from file handle 0000000000000210
[0818/154014.596:ERROR:zip_reader.cc(132)] Cannot open ZIP from file handle 0000000000000210
[0818/154014.596:ERROR:zip.cc(202)] Cannot open ZIP from file handle 0000000000000210
[0818/161652.748:ERROR:zip_reader.cc(132)] Cannot open ZIP from file handle 0000000000000210
[0818/161652.748:ERROR:zip.cc(202)] Cannot open ZIP from file handle 0000000000000210
[0825/082918.354:ERROR:zip_reader.cc(132)] Cannot open ZIP from file handle 0000000000000210
[0825/082918.355:ERROR:zip.cc(202)] Cannot open ZIP from file handle 0000000000000210
[0825/164352.184:ERROR:zip_reader.cc(132)] Cannot open ZIP from file handle 0000000000000210
[0825/164352.185:ERROR:zip.cc(202)] Cannot open ZIP from file handle 0000000000000210
[0825/171007.231:ERROR:zip_reader.cc(132)] Cannot open ZIP from file handle 0000000000000210
[0825/171007.232:ERROR:zip.cc(202)] Cannot open ZIP from file handle 0000000000000210
